Archive member included to satisfy reference by file (symbol)

C:/ST/STM32CubeIDE_1.19.0/STM32CubeIDE/plugins/com.st.stm32cube.ide.mcu.externaltools.gnu-tools-for-stm32.13.3.rel1.win32_1.0.0.202411081344/tools/bin/../lib/gcc/arm-none-eabi/13.3.1/../../../../arm-none-eabi/lib/thumb/v7e-m+fp/hard\libc_nano.a(libc_a-exit.o)
                              C:/ST/STM32CubeIDE_1.19.0/STM32CubeIDE/plugins/com.st.stm32cube.ide.mcu.externaltools.gnu-tools-for-stm32.13.3.rel1.win32_1.0.0.202411081344/tools/bin/../lib/gcc/arm-none-eabi/13.3.1/../../../../arm-none-eabi/lib/thumb/v7e-m+fp/hard/crt0.o (exit)
C:/ST/STM32CubeIDE_1.19.0/STM32CubeIDE/plugins/com.st.stm32cube.ide.mcu.externaltools.gnu-tools-for-stm32.13.3.rel1.win32_1.0.0.202411081344/tools/bin/../lib/gcc/arm-none-eabi/13.3.1/../../../../arm-none-eabi/lib/thumb/v7e-m+fp/hard\libc_nano.a(libc_a-findfp.o)
                              C:/ST/STM32CubeIDE_1.19.0/STM32CubeIDE/plugins/com.st.stm32cube.ide.mcu.externaltools.gnu-tools-for-stm32.13.3.rel1.win32_1.0.0.202411081344/tools/bin/../lib/gcc/arm-none-eabi/13.3.1/../../../../arm-none-eabi/lib/thumb/v7e-m+fp/hard\libc_nano.a(libc_a-exit.o) (__stdio_exit_handler)
C:/ST/STM32CubeIDE_1.19.0/STM32CubeIDE/plugins/com.st.stm32cube.ide.mcu.externaltools.gnu-tools-for-stm32.13.3.rel1.win32_1.0.0.202411081344/tools/bin/../lib/gcc/arm-none-eabi/13.3.1/../../../../arm-none-eabi/lib/thumb/v7e-m+fp/hard\libc_nano.a(libc_a-fwalk.o)
                              C:/ST/STM32CubeIDE_1.19.0/STM32CubeIDE/plugins/com.st.stm32cube.ide.mcu.externaltools.gnu-tools-for-stm32.13.3.rel1.win32_1.0.0.202411081344/tools/bin/../lib/gcc/arm-none-eabi/13.3.1/../../../../arm-none-eabi/lib/thumb/v7e-m+fp/hard\libc_nano.a(libc_a-findfp.o) (_fwalk_sglue)
C:/ST/STM32CubeIDE_1.19.0/STM32CubeIDE/plugins/com.st.stm32cube.ide.mcu.externaltools.gnu-tools-for-stm32.13.3.rel1.win32_1.0.0.202411081344/tools/bin/../lib/gcc/arm-none-eabi/13.3.1/../../../../arm-none-eabi/lib/thumb/v7e-m+fp/hard\libc_nano.a(libc_a-stdio.o)
                              C:/ST/STM32CubeIDE_1.19.0/STM32CubeIDE/plugins/com.st.stm32cube.ide.mcu.externaltools.gnu-tools-for-stm32.13.3.rel1.win32_1.0.0.202411081344/tools/bin/../lib/gcc/arm-none-eabi/13.3.1/../../../../arm-none-eabi/lib/thumb/v7e-m+fp/hard\libc_nano.a(libc_a-findfp.o) (__sread)
C:/ST/STM32CubeIDE_1.19.0/STM32CubeIDE/plugins/com.st.stm32cube.ide.mcu.externaltools.gnu-tools-for-stm32.13.3.rel1.win32_1.0.0.202411081344/tools/bin/../lib/gcc/arm-none-eabi/13.3.1/../../../../arm-none-eabi/lib/thumb/v7e-m+fp/hard\libc_nano.a(libc_a-memset.o)
                              C:/ST/STM32CubeIDE_1.19.0/STM32CubeIDE/plugins/com.st.stm32cube.ide.mcu.externaltools.gnu-tools-for-stm32.13.3.rel1.win32_1.0.0.202411081344/tools/bin/../lib/gcc/arm-none-eabi/13.3.1/../../../../arm-none-eabi/lib/thumb/v7e-m+fp/hard/crt0.o (memset)
C:/ST/STM32CubeIDE_1.19.0/STM32CubeIDE/plugins/com.st.stm32cube.ide.mcu.externaltools.gnu-tools-for-stm32.13.3.rel1.win32_1.0.0.202411081344/tools/bin/../lib/gcc/arm-none-eabi/13.3.1/../../../../arm-none-eabi/lib/thumb/v7e-m+fp/hard\libc_nano.a(libc_a-closer.o)
                              C:/ST/STM32CubeIDE_1.19.0/STM32CubeIDE/plugins/com.st.stm32cube.ide.mcu.externaltools.gnu-tools-for-stm32.13.3.rel1.win32_1.0.0.202411081344/tools/bin/../lib/gcc/arm-none-eabi/13.3.1/../../../../arm-none-eabi/lib/thumb/v7e-m+fp/hard\libc_nano.a(libc_a-stdio.o) (_close_r)
C:/ST/STM32CubeIDE_1.19.0/STM32CubeIDE/plugins/com.st.stm32cube.ide.mcu.externaltools.gnu-tools-for-stm32.13.3.rel1.win32_1.0.0.202411081344/tools/bin/../lib/gcc/arm-none-eabi/13.3.1/../../../../arm-none-eabi/lib/thumb/v7e-m+fp/hard\libc_nano.a(libc_a-reent.o)
                              C:/ST/STM32CubeIDE_1.19.0/STM32CubeIDE/plugins/com.st.stm32cube.ide.mcu.externaltools.gnu-tools-for-stm32.13.3.rel1.win32_1.0.0.202411081344/tools/bin/../lib/gcc/arm-none-eabi/13.3.1/../../../../arm-none-eabi/lib/thumb/v7e-m+fp/hard\libc_nano.a(libc_a-closer.o) (errno)
C:/ST/STM32CubeIDE_1.19.0/STM32CubeIDE/plugins/com.st.stm32cube.ide.mcu.externaltools.gnu-tools-for-stm32.13.3.rel1.win32_1.0.0.202411081344/tools/bin/../lib/gcc/arm-none-eabi/13.3.1/../../../../arm-none-eabi/lib/thumb/v7e-m+fp/hard\libc_nano.a(libc_a-impure.o)
                              C:/ST/STM32CubeIDE_1.19.0/STM32CubeIDE/plugins/com.st.stm32cube.ide.mcu.externaltools.gnu-tools-for-stm32.13.3.rel1.win32_1.0.0.202411081344/tools/bin/../lib/gcc/arm-none-eabi/13.3.1/../../../../arm-none-eabi/lib/thumb/v7e-m+fp/hard\libc_nano.a(libc_a-reent.o) (_impure_ptr)
C:/ST/STM32CubeIDE_1.19.0/STM32CubeIDE/plugins/com.st.stm32cube.ide.mcu.externaltools.gnu-tools-for-stm32.13.3.rel1.win32_1.0.0.202411081344/tools/bin/../lib/gcc/arm-none-eabi/13.3.1/../../../../arm-none-eabi/lib/thumb/v7e-m+fp/hard\libc_nano.a(libc_a-lseekr.o)
[...]
Memory Configuration

Name             Origin             Length             Attributes
CCMRAM           0x10000000         0x00004000         xrw
RAM              0x20000000         0x00010000         xrw
FLASH            0x08000000         0x00080000         xr
*default*        0x00000000         0xffffffff

Linker script and memory map

LOAD C:/ST/STM32CubeIDE_1.19.0/STM32CubeIDE/plugins/com.st.stm32cube.ide.mcu.externaltools.gnu-tools-for-stm32.13.3.rel1.win32_1.0.0.202411081344/tools/bin/../lib/gcc/arm-none-eabi/13.3.1/thumb/v7e-m+fp/hard/crti.o
LOAD C:/ST/STM32CubeIDE_1.19.0/STM32CubeIDE/plugins/com.st.stm32cube.ide.mcu.externaltools.gnu-tools-for-stm32.13.3.rel1.win32_1.0.0.202411081344/tools/bin/../lib/gcc/arm-none-eabi/13.3.1/thumb/v7e-m+fp/hard/crtbegin.o
LOAD C:/ST/STM32CubeIDE_1.19.0/STM32CubeIDE/plugins/com.st.stm32cube.ide.mcu.externaltools.gnu-tools-for-stm32.13.3.rel1.win32_1.0.0.202411081344/tools/bin/../lib/gcc/arm-none-eabi/13.3.1/../../../../arm-none-eabi/lib/thumb/v7e-m+fp/hard/crt0.o
LOAD ./Src/ADC_driver.o
LOAD ./Src/GPIO_driver.o
LOAD ./Src/SYSTICK_driver.o
LOAD ./Src/TIMER_driver.o
LOAD ./Src/app.o
LOAD ./Src/led_logic.o
LOAD ./Src/main.o
LOAD ./Src/syscalls.o
LOAD ./Src/sysmem.o
LOAD ./Startup/startup_stm32f303retx.o
START GROUP
LOAD C:/ST/STM32CubeIDE_1.19.0/STM32CubeIDE/plugins/com.st.stm32cube.ide.mcu.externaltools.gnu-tools-for-stm32.13.3.rel1.win32_1.0.0.202411081344/tools/bin/../lib/gcc/arm-none-eabi/13.3.1/../../../../arm-none-eabi/lib/thumb/v7e-m+fp/hard\libc_nano.a
LOAD C:/ST/STM32CubeIDE_1.19.0/STM32CubeIDE/plugins/com.st.stm32cube.ide.mcu.externaltools.gnu-tools-for-stm32.13.3.rel1.win32_1.0.0.202411081344/tools/bin/../lib/gcc/arm-none-eabi/13.3.1/../../../../arm-none-eabi/lib/thumb/v7e-m+fp/hard\libm.a
END GROUP
START GROUP
LOAD C:/ST/STM32CubeIDE_1.19.0/STM32CubeIDE/plugins/com.st.stm32cube.ide.mcu.externaltools.gnu-tools-for-stm32.13.3.rel1.win32_1.0.0.202411081344/tools/bin/../lib/gcc/arm-none-eabi/13.3.1/thumb/v7e-m+fp/hard\libgcc.a
LOAD C:/ST/STM32CubeIDE_1.19.0/STM32CubeIDE/plugins/com.st.stm32cube.ide.mcu.externaltools.gnu-tools-for-stm32.13.3.rel1.win32_1.0.0.202411081344/tools/bin/../lib/gcc/arm-none-eabi/13.3.1/../../../../arm-none-eabi/lib/thumb/v7e-m+fp/hard\libc_nano.a
END GROUP
START GROUP
LOAD C:/ST/STM32CubeIDE_1.19.0/STM32CubeIDE/plugins/com.st.stm32cube.ide.mcu.externaltools.gnu-tools-for-stm32.13.3.rel1.win32_1.0.0.202411081344/tools/bin/../lib/gcc/arm-none-eabi/13.3.1/thumb/v7e-m+fp/hard\libgcc.a
LOAD C:/ST/STM32CubeIDE_1.19.0/STM32CubeIDE/plugins/com.st.stm32cube.ide.mcu.externaltools.gnu-tools-for-stm32.13.3.rel1.win32_1.0.0.202411081344/tools/bin/../lib/gcc/arm-none-eabi/13.3.1/../../../../arm-none-eabi/lib/thumb/v7e-m+fp/hard\libc_nano.a
LOAD C:/ST/STM32CubeIDE_1.19.0/STM32CubeIDE/plugins/com.st.stm32cube.ide.mcu.externaltools.gnu-tools-for-stm32.13.3.rel1.win32_1.0.0.202411081344/tools/bin/../lib/gcc/arm-none-eabi/13.3.1/../../../../arm-none-eabi/lib/thumb/v7e-m+fp/hard\libnosys.a
END GROUP
START GROUP
LOAD C:/ST/STM32CubeIDE_1.19.0/STM32CubeIDE/plugins/com.st.stm32cube.ide.mcu.externaltools.gnu-tools-for-stm32.13.3.rel1.win32_1.0.0.202411081344/tools/bin/../lib/gcc/arm-none-eabi/13.3.1/thumb/v7e-m+fp/hard\libgcc.a
LOAD C:/ST/STM32CubeIDE_1.19.0/STM32CubeIDE/plugins/com.st.stm32cube.ide.mcu.externaltools.gnu-tools-for-stm32.13.3.rel1.win32_1.0.0.202411081344/tools/bin/../lib/gcc/arm-none-eabi/13.3.1/../../../../arm-none-eabi/lib/thumb/v7e-m+fp/hard\libc_nano.a
LOAD C:/ST/STM32CubeIDE_1.19.0/STM32CubeIDE/plugins/com.st.stm32cube.ide.mcu.externaltools.gnu-tools-for-stm32.13.3.rel1.win32_1.0.0.202411081344/tools/bin/../lib/gcc/arm-none-eabi/13.3.1/../../../../arm-none-eabi/lib/thumb/v7e-m+fp/hard\libnosys.a
END GROUP
LOAD C:/ST/STM32CubeIDE_1.19.0/STM32CubeIDE/plugins/com.st.stm32cube.ide.mcu.externaltools.gnu-tools-for-stm32.13.3.rel1.win32_1.0.0.202411081344/tools/bin/../lib/gcc/arm-none-eabi/13.3.1/thumb/v7e-m+fp/hard/crtend.o
LOAD C:/ST/STM32CubeIDE_1.19.0/STM32CubeIDE/plugins/com.st.stm32cube.ide.mcu.externaltools.gnu-tools-for-stm32.13.3.rel1.win32_1.0.0.202411081344/tools/bin/../lib/gcc/arm-none-eabi/13.3.1/thumb/v7e-m+fp/hard/crtn.o
                0x20010000                        _estack = (ORIGIN (RAM) + LENGTH (RAM))
                0x00000200                        _Min_Heap_Size = 0x200
                0x00000400                        _Min_Stack_Size = 0x400

.isr_vector     0x08000000      0x194
                0x08000000                        . = ALIGN (0x4)
 *(.isr_vector)
 .isr_vector    0x08000000      0x194 ./Startup/startup_stm32f303retx.o
                0x08000000                g_pfnVectors
                0x08000194                        . = ALIGN (0x4)

.text           0x08000194      0x748
                0x08000194                        . = ALIGN (0x4)
 *(.text)
 .text          0x08000194       0x40 C:/ST/STM32CubeIDE_1.19.0/STM32CubeIDE/plugins/com.st.stm32cube.ide.mcu.externaltools.gnu-tools-for-stm32.13.3.rel1.win32_1.0.0.202411081344/tools/bin/../lib/gcc/arm-none-eabi/13.3.1/thumb/v7e-m+fp/hard/crtbegin.o
 *(.text*)
 .text.ADC_Configure
                0x080001d4      0x148 ./Src/ADC_driver.o
                0x080001d4                ADC_Configure
 .text.ADC_Input0GpioConfigure
                0x0800031c       0x1e ./Src/ADC_driver.o
                0x0800031c                ADC_Input0GpioConfigure
 .text.ADC_ChannelSelection
                0x0800033a       0x2e ./Src/ADC_driver.o
                0x0800033a                ADC_ChannelSelection
 .text.ADC_Conversion
                0x08000368       0x30 ./Src/ADC_driver.o
                0x08000368                ADC_Conversion
 .text.ADC_ReadData
                0x08000398       0x14 ./Src/ADC_driver.o
                0x08000398                ADC_ReadData
 .text.Configure_PA5
                0x080003ac       0x60 ./Src/GPIO_driver.o
                0x080003ac                Configure_PA5
 .text.Configure_PA1
                0x0800040c       0x4e ./Src/GPIO_driver.o
                0x0800040c                Configure_PA1
 *fill*         0x0800045a        0x2 
 .text.ConfigurePA6
                0x0800045c       0x90 ./Src/GPIO_driver.o
                0x0800045c                ConfigurePA6
 .text.SysTick_Handler
                0x080004ec       0x1c ./Src/SYSTICK_driver.o
                0x080004ec                SysTick_Handler
 .text.__NVIC_EnableIRQ
                0x08000508       0x3c ./Src/TIMER_driver.o
 .text.__NVIC_SetPriority
                0x08000544       0x54 ./Src/TIMER_driver.o
 .text.TIM3_BaseConfiguration
                0x08000598       0x30 ./Src/TIMER_driver.o
                0x08000598                TIM3_BaseConfiguration
 .text.TIM3_Start
                0x080005c8       0x24 ./Src/TIMER_driver.o
                0x080005c8                TIM3_Start
 .text.TIM3_InterruptConfiguration
                0x080005ec       0x34 ./Src/TIMER_driver.o
                0x080005ec                TIM3_InterruptConfiguration
 .text.TIM3_IRQHandler
                0x08000620       0x44 ./Src/TIMER_driver.o
                0x08000620                TIM3_IRQHandler
 .text.TIM3_PwmConfiguration
                0x08000664       0x7c ./Src/TIMER_driver.o
                0x08000664                TIM3_PwmConfiguration
 .text.__NVIC_SetPriority
                0x080006e0       0x54 ./Src/app.o
 .text.SysTick_Config
                0x08000734       0x44 ./Src/app.o
 .text.App_Run  0x08000778       0x1e ./Src/app.o
                0x08000778                App_Run
 .text.App_Init
                0x08000796       0x38 ./Src/app.o
                0x08000796                App_Init
 *fill*         0x080007ce        0x2 
 .text.Set_Led_Brightness
                0x080007d0       0x48 ./Src/led_logic.o
                0x080007d0                Set_Led_Brightness
 .text.main     0x08000818        0xe ./Src/main.o
                0x08000818                main
 *fill*         0x08000826        0x2 
 .text.Reset_Handler
                0x08000828       0x50 ./Startup/startup_stm32f303retx.o
                0x08000828                Reset_Handler
 .text.Default_Handler
                0x08000878        0x2 ./Startup/startup_stm32f303retx.o
                0x08000878                TIM8_TRG_COM_IRQHandler
                0x08000878                TIM8_CC_IRQHandler
                0x08000878                DebugMon_Handler
                0x08000878                DMA1_CH4_IRQHandler
                0x08000878                SPI4_IRQHandler
                0x08000878                TIM1_CC_IRQHandler
                0x08000878                HardFault_Handler
                0x08000878                USB_HP_IRQHandler
                0x08000878                I2C2_EV_EXTI24_IRQHandler
                0x08000878                USB_WKUP_EXTI_IRQHandler
                0x08000878                PVD_IRQHandler
                0x08000878                UART4_EXTI34_IRQHandler
                0x08000878                TAMP_STAMP_IRQHandler
                0x08000878                PendSV_Handler
                0x08000878                NMI_Handler
                0x08000878                EXTI3_IRQHandler
                0x08000878                I2C3_ER_IRQHandler
                0x08000878                TIM6_DACUNDER_IRQHandler
                0x08000878                USB_HP_CAN_TX_IRQHandler
                0x08000878                EXTI0_IRQHandler
                0x08000878                DMA2_CH1_IRQHandler
                0x08000878                TIM1_UP_TIM16_IRQHandler
                0x08000878                UsageFault_Handler
                0x08000878                ADC1_2_IRQHandler
                0x08000878                SPI1_IRQHandler
                0x08000878                CAN_SCE_IRQHandler
                0x08000878                DMA1_CH7_IRQHandler
                0x08000878                TIM8_UP_IRQHandler
                0x08000878                COMP456_IRQHandler
                0x08000878                DMA1_CH6_IRQHandler
                0x08000878                TIM20_TRG_COM_IRQHandler
                0x08000878                ADC3_IRQHandler
                0x08000878                TIM4_IRQHandler
                0x08000878                CAN_RX1_IRQHandler
                0x08000878                USART1_EXTI25_IRQHandler
                0x08000878                DMA2_CH5_IRQHandler
                0x08000878                I2C1_EV_EXTI23_IRQHandler
                0x08000878                DMA1_CH3_IRQHandler
                0x08000878                RCC_IRQHandler
                0x08000878                TIM20_UP_IRQHandler
                0x08000878                Default_Handler
                0x08000878                EXTI15_10_IRQHandler
                0x08000878                USART2_EXTI26_IRQHandler
                0x08000878                USART3_EXTI28_IRQHandler
                0x08000878                TIM7_IRQHandler
                0x08000878                I2C3_EV_IRQHandler
                0x08000878                EXTI9_5_IRQHandler
                0x08000878                DMA1_CH2_IRQHandler
                0x08000878                RTC_WKUP_IRQHandler
                0x08000878                SPI2_IRQHandler
                0x08000878                DMA1_CH1_IRQHandler
                0x08000878                USB_LP_CAN_RX0_IRQHandler
                0x08000878                MemManage_Handler
                0x08000878                COMP123_IRQHandler
                0x08000878                SVC_Handler
                0x08000878                USB_LP_IRQHandler
                0x08000878                EXTI4_IRQHandler
                0x08000878                TIM1_TRG_COM_TIM17_IRQHandler
                0x08000878                ADC4_IRQHandler
                0x08000878                WWDG_IRQHandler
                0x08000878                TIM2_IRQHandler
                0x08000878                COMP7_IRQHandler
                0x08000878                EXTI1_IRQHandler
                0x08000878                RTCAlarm_IRQHandler
                0x08000878                UART5_EXTI35_IRQHandler
                0x08000878                TIM20_BRK_IRQHandler
                0x08000878                I2C2_ER_IRQHandler
                0x08000878                TIM8_BRK_IRQHandler
                0x08000878                FLASH_IRQHandler
                0x08000878                TIM20_CC_IRQHandler
                0x08000878                BusFault_Handler
                0x08000878                SPI3_IRQHandler
                0x08000878                DMA2_CH3_IRQHandler
                0x08000878                DMA2_CH2_IRQHandler
                0x08000878                I2C1_ER_IRQHandler
                0x08000878                FMC_IRQHandler
                0x08000878                DMA1_CH5_IRQHandler
                0x08000878                DMA2_CH4_IRQHandler
                0x08000878                USB_WKUP_IRQHandler
                0x08000878                EXTI2_TSC_IRQHandler
                0x08000878                TIM1_BRK_TIM15_IRQHandler
 *fill*         0x0800087a        0x2 
 .text.__libc_init_array
                0x0800087c       0x48 C:/ST/STM32CubeIDE_1.19.0/STM32CubeIDE/plugins/com.st.stm32cube.ide.mcu.externaltools.gnu-tools-for-stm32.13.3.rel1.win32_1.0.0.202411081344/tools/bin/../lib/gcc/arm-none-eabi/13.3.1/../../../../arm-none-eabi/lib/thumb/v7e-m+fp/hard\libc_nano.a(libc_a-init.o)
                0x0800087c                __libc_init_array
 *(.glue_7)
 .glue_7        0x080008c4        0x0 linker stubs
 *(.glue_7t)
 .glue_7t       0x080008c4        0x0 linker stubs
 *(.eh_frame)
 .eh_frame      0x080008c4        0x0 C:/ST/STM32CubeIDE_1.19.0/STM32CubeIDE/plugins/com.st.stm32cube.ide.mcu.externaltools.gnu-tools-for-stm32.13.3.rel1.win32_1.0.0.202411081344/tools/bin/../lib/gcc/arm-none-eabi/13.3.1/thumb/v7e-m+fp/hard/crtbegin.o
 *(.init)
 .init          0x080008c4        0x4 C:/ST/STM32CubeIDE_1.19.0/STM32CubeIDE/plugins/com.st.stm32cube.ide.mcu.externaltools.gnu-tools-for-stm32.13.3.rel1.win32_1.0.0.202411081344/tools/bin/../lib/gcc/arm-none-eabi/13.3.1/thumb/v7e-m+fp/hard/crti.o
                0x080008c4                _init
 .init          0x080008c8        0x8 C:/ST/STM32CubeIDE_1.19.0/STM32CubeIDE/plugins/com.st.stm32cube.ide.mcu.externaltools.gnu-tools-for-stm32.13.3.rel1.win32_1.0.0.202411081344/tools/bin/../lib/gcc/arm-none-eabi/13.3.1/thumb/v7e-m+fp/hard/crtn.o
 *(.fini)
 .fini          0x080008d0        0x4 C:/ST/STM32CubeIDE_1.19.0/STM32CubeIDE/plugins/com.st.stm32cube.ide.mcu.externaltools.gnu-tools-for-stm32.13.3.rel1.win32_1.0.0.202411081344/tools/bin/../lib/gcc/arm-none-eabi/13.3.1/thumb/v7e-m+fp/hard/crti.o
                0x080008d0                _fini
 .fini          0x080008d4        0x8 C:/ST/STM32CubeIDE_1.19.0/STM32CubeIDE/plugins/com.st.stm32cube.ide.mcu.externaltools.gnu-tools-for-stm32.13.3.rel1.win32_1.0.0.202411081344/tools/bin/../lib/gcc/arm-none-eabi/13.3.1/thumb/v7e-m+fp/hard/crtn.o
                0x080008dc                        . = ALIGN (0x4)
                0x080008dc                        _etext = .

.vfp11_veneer   0x080008dc        0x0
 .vfp11_veneer  0x080008dc        0x0 linker stubs

.v4_bx          0x080008dc        0x0
 .v4_bx         0x080008dc        0x0 linker stubs

.iplt           0x080008dc        0x0
 .iplt          0x080008dc        0x0 C:/ST/STM32CubeIDE_1.19.0/STM32CubeIDE/plugins/com.st.stm32cube.ide.mcu.externaltools.gnu-tools-for-stm32.13.3.rel1.win32_1.0.0.202411081344/tools/bin/../lib/gcc/arm-none-eabi/13.3.1/thumb/v7e-m+fp/hard/crtbegin.o

.rodata         0x080008dc        0x0
                0x080008dc                        . = ALIGN (0x4)
 *(.rodata)
 *(.rodata*)
                0x080008dc                        . = ALIGN (0x4)

.ARM.extab      0x080008dc        0x0
                0x080008dc                        . = ALIGN (0x4)
 *(.ARM.extab* .gnu.linkonce.armextab.*)
                0x080008dc                        . = ALIGN (0x4)

.ARM            0x080008dc        0x0
                0x080008dc                        . = ALIGN (0x4)
                0x080008dc                        __exidx_start = .
 *(.ARM.exidx*)
                0x080008dc                        __exidx_end = .
                0x080008dc                        . = ALIGN (0x4)

.preinit_array  0x080008dc        0x0
                0x080008dc                        . = ALIGN (0x4)
                0x080008dc                        PROVIDE (__preinit_array_start = .)
 *(.preinit_array*)
                0x080008dc                        PROVIDE (__preinit_array_end = .)
                0x080008dc                        . = ALIGN (0x4)

.init_array     0x080008dc        0x4
                0x080008dc                        . = ALIGN (0x4)
                0x080008dc                        PROVIDE (__init_array_start = .)
 *(SORT_BY_NAME(.init_array.*))
 *(.init_array*)
 .init_array    0x080008dc        0x4 C:/ST/STM32CubeIDE_1.19.0/STM32CubeIDE/plugins/com.st.stm32cube.ide.mcu.externaltools.gnu-tools-for-stm32.13.3.rel1.win32_1.0.0.202411081344/tools/bin/../lib/gcc/arm-none-eabi/13.3.1/thumb/v7e-m+fp/hard/crtbegin.o
                0x080008e0                        PROVIDE (__init_array_end = .)
                0x080008e0                        . = ALIGN (0x4)

.fini_array     0x080008e0        0x4
                0x080008e0                        . = ALIGN (0x4)
                [!provide]                        PROVIDE (__fini_array_start = .)
 *(SORT_BY_NAME(.fini_array.*))
 *(.fini_array*)
 .fini_array    0x080008e0        0x4 C:/ST/STM32CubeIDE_1.19.0/STM32CubeIDE/plugins/com.st.stm32cube.ide.mcu.externaltools.gnu-tools-for-stm32.13.3.rel1.win32_1.0.0.202411081344/tools/bin/../lib/gcc/arm-none-eabi/13.3.1/thumb/v7e-m+fp/hard/crtbegin.o
                [!provide]                        PROVIDE (__fini_array_end = .)
                0x080008e4                        . = ALIGN (0x4)
                0x080008e4                        _sidata = LOADADDR (.data)

.rel.dyn        0x080008e4        0x0
 .rel.iplt      0x080008e4        0x0 C:/ST/STM32CubeIDE_1.19.0/STM32CubeIDE/plugins/com.st.stm32cube.ide.mcu.externaltools.gnu-tools-for-stm32.13.3.rel1.win32_1.0.0.202411081344/tools/bin/../lib/gcc/arm-none-eabi/13.3.1/thumb/v7e-m+fp/hard/crtbegin.o

.data           0x20000000        0x0 load address 0x080008e4
                0x20000000                        . = ALIGN (0x4)
                0x20000000                        _sdata = .
 *(.data)
 *(.data*)
 *(.RamFunc)
 *(.RamFunc*)
                0x20000000                        . = ALIGN (0x4)
                0x20000000                        _edata = .
                0x080008e4                        _siccmram = LOADADDR (.ccmram)

.igot.plt       0x20000000        0x0 load address 0x080008e4
 .igot.plt      0x20000000        0x0 C:/ST/STM32CubeIDE_1.19.0/STM32CubeIDE/plugins/com.st.stm32cube.ide.mcu.externaltools.gnu-tools-for-stm32.13.3.rel1.win32_1.0.0.202411081344/tools/bin/../lib/gcc/arm-none-eabi/13.3.1/thumb/v7e-m+fp/hard/crtbegin.o

.ccmram         0x10000000        0x0 load address 0x080008e4
                0x10000000                        . = ALIGN (0x4)
                0x10000000                        _sccmram = .
 *(.ccmram)
 *(.ccmram*)
                0x10000000                        . = ALIGN (0x4)
                0x10000000                        _eccmram = .
                0x10000000                        . = ALIGN (0x4)

.bss            0x20000000       0x20
                0x20000000                        _sbss = .
                0x20000000                        __bss_start__ = _sbss
 *(.bss)
 .bss           0x20000000       0x1c C:/ST/STM32CubeIDE_1.19.0/STM32CubeIDE/plugins/com.st.stm32cube.ide.mcu.externaltools.gnu-tools-for-stm32.13.3.rel1.win32_1.0.0.202411081344/tools/bin/../lib/gcc/arm-none-eabi/13.3.1/thumb/v7e-m+fp/hard/crtbegin.o
 *(.bss*)
 .bss.Tick      0x2000001c        0x4 ./Src/SYSTICK_driver.o
                0x2000001c                Tick
 *(COMMON)
                0x20000020                        . = ALIGN (0x4)
                0x20000020                        _ebss = .
                0x20000020                        __bss_end__ = _ebss

._user_heap_stack
                0x20000020      0x600
                0x20000020                        . = ALIGN (0x8)
                [!provide]                        PROVIDE (end = .)
                0x20000020                        PROVIDE (_end = .)
                0x20000220                        . = (. + _Min_Heap_Size)
 *fill*         0x20000020      0x200 
                0x20000620                        . = (. + _Min_Stack_Size)
 *fill*         0x20000220      0x400 
                0x20000620                        . = ALIGN (0x8)

/DISCARD/
 libc.a(*)
 libm.a(*)
 libgcc.a(*)

.ARM.attributes
                0x00000000       0x30
 *(.ARM.attributes)
 .ARM.attributes
                0x00000000       0x22 C:/ST/STM32CubeIDE_1.19.0/STM32CubeIDE/plugins/com.st.stm32cube.ide.mcu.externaltools.gnu-tools-for-stm32.13.3.rel1.win32_1.0.0.202411081344/tools/bin/../lib/gcc/arm-none-eabi/13.3.1/thumb/v7e-m+fp/hard/crti.o
 .ARM.attributes
                0x00000022       0x34 C:/ST/STM32CubeIDE_1.19.0/STM32CubeIDE/plugins/com.st.stm32cube.ide.mcu.externaltools.gnu-tools-for-stm32.13.3.rel1.win32_1.0.0.202411081344/tools/bin/../lib/gcc/arm-none-eabi/13.3.1/thumb/v7e-m+fp/hard/crtbegin.o
 .ARM.attributes
                0x00000056       0x34 ./Src/ADC_driver.o
 .ARM.attributes
                0x0000008a       0x34 ./Src/GPIO_driver.o
 .ARM.attributes
                0x000000be       0x34 ./Src/SYSTICK_driver.o
 .ARM.attributes
                0x000000f2       0x34 ./Src/TIMER_driver.o
 .ARM.attributes
                0x00000126       0x34 ./Src/app.o
 .ARM.attributes
                0x0000015a       0x34 ./Src/led_logic.o
 .ARM.attributes
                0x0000018e       0x34 ./Src/main.o
 .ARM.attributes
                0x000001c2       0x21 ./Startup/startup_stm32f303retx.o
 .ARM.attributes
                0x000001e3       0x34 C:/ST/STM32CubeIDE_1.19.0/STM32CubeIDE/plugins/com.st.stm32cube.ide.mcu.externaltools.gnu-tools-for-stm32.13.3.rel1.win32_1.0.0.202411081344/tools/bin/../lib/gcc/arm-none-eabi/13.3.1/../../../../arm-none-eabi/lib/thumb/v7e-m+fp/hard\libc_nano.a(libc_a-init.o)
 .ARM.attributes
                0x00000217       0x22 C:/ST/STM32CubeIDE_1.19.0/STM32CubeIDE/plugins/com.st.stm32cube.ide.mcu.externaltools.gnu-tools-for-stm32.13.3.rel1.win32_1.0.0.202411081344/tools/bin/../lib/gcc/arm-none-eabi/13.3.1/thumb/v7e-m+fp/hard/crtn.o
OUTPUT(led_pwm_interrupt_driver.elf elf32-littlearm)
LOAD linker stubs
LOAD C:/ST/STM32CubeIDE_1.19.0/STM32CubeIDE/plugins/com.st.stm32cube.ide.mcu.externaltools.gnu-tools-for-stm32.13.3.rel1.win32_1.0.0.202411081344/tools/bin/../lib/gcc/arm-none-eabi/13.3.1/../../../../arm-none-eabi/lib/thumb/v7e-m+fp/hard\libc.a
LOAD C:/ST/STM32CubeIDE_1.19.0/STM32CubeIDE/plugins/com.st.stm32cube.ide.mcu.externaltools.gnu-tools-for-stm32.13.3.rel1.win32_1.0.0.202411081344/tools/bin/../lib/gcc/arm-none-eabi/13.3.1/../../../../arm-none-eabi/lib/thumb/v7e-m+fp/hard\libm.a
LOAD C:/ST/STM32CubeIDE_1.19.0/STM32CubeIDE/plugins/com.st.stm32cube.ide.mcu.externaltools.gnu-tools-for-stm32.13.3.rel1.win32_1.0.0.202411081344/tools/bin/../lib/gcc/arm-none-eabi/13.3.1/thumb/v7e-m+fp/hard\libgcc.a

.debug_info     0x00000000     0x19a0
 .debug_info    0x00000000      0x449 ./Src/ADC_driver.o
 .debug_info    0x00000449      0x2ac ./Src/GPIO_driver.o
 .debug_info    0x000006f5       0xc8 ./Src/SYSTICK_driver.o
 .debug_info    0x000007bd      0x883 ./Src/TIMER_driver.o
 .debug_info    0x00001040      0x6b7 ./Src/app.o
 .debug_info    0x000016f7      0x1e6 ./Src/led_logic.o
 .debug_info    0x000018dd       0x93 ./Src/main.o
 .debug_info    0x00001970       0x30 ./Startup/startup_stm32f303retx.o

.debug_abbrev   0x00000000      0x76c
 .debug_abbrev  0x00000000      0x13b ./Src/ADC_driver.o
 .debug_abbrev  0x0000013b      0x134 ./Src/GPIO_driver.o
 .debug_abbrev  0x0000026f       0x89 ./Src/SYSTICK_driver.o
 .debug_abbrev  0x000002f8      0x173 ./Src/TIMER_driver.o
 .debug_abbrev  0x0000046b      0x1d1 ./Src/app.o
 .debug_abbrev  0x0000063c       0xb0 ./Src/led_logic.o
 .debug_abbrev  0x000006ec       0x5c ./Src/main.o
 .debug_abbrev  0x00000748       0x24 ./Startup/startup_stm32f303retx.o

.debug_aranges  0x00000000      0x190
 .debug_aranges
                0x00000000       0x40 ./Src/ADC_driver.o
 .debug_aranges
                0x00000040       0x38 ./Src/GPIO_driver.o
 .debug_aranges
                0x00000078       0x28 ./Src/SYSTICK_driver.o
 .debug_aranges
                0x000000a0       0x50 ./Src/TIMER_driver.o
 .debug_aranges
                0x000000f0       0x38 ./Src/app.o
 .debug_aranges
                0x00000128       0x20 ./Src/led_logic.o
 .debug_aranges
                0x00000148       0x20 ./Src/main.o
 .debug_aranges
                0x00000168       0x28 ./Startup/startup_stm32f303retx.o

.debug_rnglists
                0x00000000      0x106
 .debug_rnglists
                0x00000000       0x2c ./Src/ADC_driver.o
 .debug_rnglists
                0x0000002c       0x26 ./Src/GPIO_driver.o
 .debug_rnglists
                0x00000052       0x19 ./Src/SYSTICK_driver.o
 .debug_rnglists
                0x0000006b       0x37 ./Src/TIMER_driver.o
 .debug_rnglists
                0x000000a2       0x25 ./Src/app.o
 .debug_rnglists
                0x000000c7       0x13 ./Src/led_logic.o
 .debug_rnglists
                0x000000da       0x13 ./Src/main.o
 .debug_rnglists
                0x000000ed       0x19 ./Startup/startup_stm32f303retx.o

.debug_macro    0x00000000    0x2cf2a
 .debug_macro   0x00000000       0xc9 ./Src/ADC_driver.o
 .debug_macro   0x000000c9      0xae4 ./Src/ADC_driver.o
 .debug_macro   0x00000bad       0x22 ./Src/ADC_driver.o
 .debug_macro   0x00000bcf       0x8e ./Src/ADC_driver.o
 .debug_macro   0x00000c5d       0x51 ./Src/ADC_driver.o
 .debug_macro   0x00000cae      0x103 ./Src/ADC_driver.o
 .debug_macro   0x00000db1       0x6a ./Src/ADC_driver.o
 .debug_macro   0x00000e1b      0x1df ./Src/ADC_driver.o
 .debug_macro   0x00000ffa       0x28 ./Src/ADC_driver.o
 .debug_macro   0x00001022       0x1c ./Src/ADC_driver.o
 .debug_macro   0x0000103e       0x22 ./Src/ADC_driver.o
 .debug_macro   0x00001060       0xd9 ./Src/ADC_driver.o
 .debug_macro   0x00001139     0x102d ./Src/ADC_driver.o
 .debug_macro   0x00002166      0x11f ./Src/ADC_driver.o
 .debug_macro   0x00002285    0x1535a ./Src/ADC_driver.o
 .debug_macro   0x000175df       0xe0 ./Src/GPIO_driver.o
 .debug_macro   0x000176bf       0x28 ./Src/GPIO_driver.o
 .debug_macro   0x000176e7       0x6d ./Src/GPIO_driver.o
 .debug_macro   0x00017754       0xc9 ./Src/SYSTICK_driver.o
 .debug_macro   0x0001781d       0xc9 ./Src/TIMER_driver.o
 .debug_macro   0x000178e6       0xe7 ./Src/app.o
 .debug_macro   0x000179cd       0x28 ./Src/app.o
 .debug_macro   0x000179f5    0x1535a ./Src/app.o
 .debug_macro   0x0002cd4f       0x10 ./Src/app.o
 .debug_macro   0x0002cd5f       0xd2 ./Src/led_logic.o
 .debug_macro   0x0002ce31       0xf9 ./Src/main.o

.debug_line     0x00000000     0x2763
 .debug_line    0x00000000      0x5f6 ./Src/ADC_driver.o
 .debug_line    0x000005f6      0x5c8 ./Src/GPIO_driver.o
 .debug_line    0x00000bbe      0x4f4 ./Src/SYSTICK_driver.o
 .debug_line    0x000010b2      0x616 ./Src/TIMER_driver.o
 .debug_line    0x000016c8      0x5cd ./Src/app.o
 .debug_line    0x00001c95      0x4f6 ./Src/led_logic.o
 .debug_line    0x0000218b      0x55d ./Src/main.o
 .debug_line    0x000026e8       0x7b ./Startup/startup_stm32f303retx.o

.debug_str      0x00000000    0x83712
 .debug_str     0x00000000    0x83712 ./Src/ADC_driver.o
                              0x82ade (size before relaxing)
 .debug_str     0x00083712    0x83111 ./Src/GPIO_driver.o
 .debug_str     0x00083712    0x82933 ./Src/SYSTICK_driver.o
 .debug_str     0x00083712    0x82fce ./Src/TIMER_driver.o
 .debug_str     0x00083712    0x836f6 ./Src/app.o
 .debug_str     0x00083712    0x82996 ./Src/led_logic.o
 .debug_str     0x00083712    0x8302b ./Src/main.o
 .debug_str     0x00083712       0x8b ./Startup/startup_stm32f303retx.o

.comment        0x00000000       0x43
 .comment       0x00000000       0x43 ./Src/ADC_driver.o
                                 0x44 (size before relaxing)
 .comment       0x00000043       0x44 ./Src/GPIO_driver.o
 .comment       0x00000043       0x44 ./Src/SYSTICK_driver.o
 .comment       0x00000043       0x44 ./Src/TIMER_driver.o
 .comment       0x00000043       0x44 ./Src/app.o
 .comment       0x00000043       0x44 ./Src/led_logic.o
 .comment       0x00000043       0x44 ./Src/main.o

.debug_frame    0x00000000      0x3c8
 .debug_frame   0x00000000       0xb8 ./Src/ADC_driver.o
 .debug_frame   0x000000b8       0x98 ./Src/GPIO_driver.o
 .debug_frame   0x00000150       0x50 ./Src/SYSTICK_driver.o
 .debug_frame   0x000001a0       0xfc ./Src/TIMER_driver.o
 .debug_frame   0x0000029c       0x9c ./Src/app.o
 .debug_frame   0x00000338       0x38 ./Src/led_logic.o
 .debug_frame   0x00000370       0x2c ./Src/main.o
 .debug_frame   0x0000039c       0x2c C:/ST/STM32CubeIDE_1.19.0/STM32CubeIDE/plugins/com.st.stm32cube.ide.mcu.externaltools.gnu-tools-for-stm32.13.3.rel1.win32_1.0.0.202411081344/tools/bin/../lib/gcc/arm-none-eabi/13.3.1/../../../../arm-none-eabi/lib/thumb/v7e-m+fp/hard\libc_nano.a(libc_a-init.o)

.debug_line_str
                0x00000000       0x6f
 .debug_line_str
                0x00000000       0x6f ./Startup/startup_stm32f303retx.o
