../Src/syscalls.c:91:6:initialise_monitor_handles	4	static
../Src/syscalls.c:111:5:_getpid	4	static
../Src/syscalls.c:139:5:_kill	16	static
../Src/syscalls.c:176:6:_exit	16	static
../Src/syscalls.c:215:27:_read	32	static
../Src/syscalls.c:236:27:_write	32	static
../Src/syscalls.c:265:5:_close	16	static
../Src/syscalls.c:283:5:_fstat	16	static
../Src/syscalls.c:310:5:_isatty	16	static
../Src/syscalls.c:332:5:_lseek	24	static
../Src/syscalls.c:373:5:_open	12	static
../Src/syscalls.c:402:5:_wait	16	static
../Src/syscalls.c:425:5:_unlink	16	static
../Src/syscalls.c:441:5:_times	16	static
../Src/syscalls.c:450:5:_stat	16	static
../Src/syscalls.c:485:5:_link	16	static
../Src/syscalls.c:515:5:_fork	8	static
../Src/syscalls.c:545:5:_execve	24	static
